[backblue.gif]
[fade.gif]
[index.html]
[localhost_8888/knbc/indexc0d0.php]
[localhost_8888/knbc/index7b17.php]
[localhost_8888/knbc/templates/aaika/favicon.ico]
[localhost_8888/knbc/media/jui/js/jquery.min7afc.js]
[localhost_8888/knbc/media/jui/js/jquery-noconflict7afc.js]
[localhost_8888/knbc/media/jui/js/jquery-migrate.min7afc.js]
[localhost_8888/knbc/media/k2/assets/js/k2.frontend21e1.js]
[localhost_8888/knbc/images/sliders/master/Logo II.png]
[localhost_8888/knbc/media/com_uniterevolution2/assets/rs-plugin/js/jquery.themepunch.tools.min.js]
[localhost_8888/knbc/media/com_uniterevolution2/assets/rs-plugin/js/jquery.themepunch.revolution.min.js]
[localhost_8888/knbc/images/sliders/master/slider_3.jpg]
[localhost_8888/knbc/images/sliders/master/slider_1.jpg]
[localhost_8888/knbc/images/sliders/master/slider_2.jpg]
[localhost_8888/knbc/images/recentworks/SampleWork I.jpg]
[localhost_8888/knbc/images/recentworks/SampleWork II.jpg]
[localhost_8888/knbc/images/recentworks/SampleWork III.jpg]
[localhost_8888/knbc/images/recentworks/SampleWork IV.jpg]
[localhost_8888/knbc/images/recentworks/SampleWork V.jpg]
[localhost_8888/knbc/images/recentworks/SampleWork VI.jpg]
[localhost_8888/knbc/images/recentworks/SampleWork VII.jpg]
[localhost_8888/knbc/images/recentworks/SampleWork VIII.jpg]
[localhost_8888/knbc/templates/aaika/images/clogo1.png]
[localhost_8888/knbc/templates/aaika/images/clogo2.png]
[localhost_8888/knbc/templates/aaika/images/clogo3.png]
[localhost_8888/knbc/templates/aaika/images/clogo4.png]
[localhost_8888/knbc/templates/aaika/images/footer-logo.png]
[localhost_8888/knbc/templates/aaika/js/universal/jquery.js]
[localhost_8888/knbc/templates/aaika/js/style-switcher/jquery.js]
[localhost_8888/knbc/templates/aaika/js/animations/js/animations.min.js]
[localhost_8888/knbc/templates/aaika/js/slidepanel/slidepanel.js]
[localhost_8888/knbc/templates/aaika/js/mainmenu/bootstrap.min.js]
[localhost_8888/knbc/templates/aaika/js/mainmenu/customeUI.js]
[localhost_8888/knbc/templates/aaika/js/tabs/tabwidget/tabwidget.js]
[localhost_8888/knbc/templates/aaika/js/scrolltotop/totop.js]
[localhost_8888/knbc/templates/aaika/js/mainmenu/sticky-main.js]
[localhost_8888/knbc/templates/aaika/js/mainmenu/modernizr.custom.75180.js]
[localhost_8888/knbc/templates/aaika/js/cubeportfolio/jquery.cubeportfolio.min.js]
[localhost_8888/knbc/templates/aaika/js/cubeportfolio/main.js]
[localhost_8888/knbc/templates/aaika/js/cubeportfolio/main2.js]
[localhost_8888/knbc/templates/aaika/js/cubeportfolio/main3.js]
[localhost_8888/knbc/templates/aaika/js/cubeportfolio/main4.js]
[localhost_8888/knbc/templates/aaika/js/cubeportfolio/main5.js]
[localhost_8888/knbc/templates/aaika/js/cubeportfolio/main6.js]
[localhost_8888/knbc/templates/aaika/js/cubeportfolio/main7.js]
[localhost_8888/knbc/templates/aaika/js/accordion/jquery.accordion.js]
[localhost_8888/knbc/templates/aaika/js/accordion/custom.js]
[localhost_8888/knbc/templates/aaika/js/progressbar/progress.js]
[localhost_8888/knbc/templates/aaika/js/flexslider/jquery.flexslider.js]
[localhost_8888/knbc/templates/aaika/js/flexslider/custom.js]
[localhost_8888/knbc/templates/aaika/js/basicslider/bacslider.js]
[localhost_8888/knbc/templates/aaika/js/tabs/assets/js/responsive-tabs.min.js]
[localhost_8888/knbc/templates/aaika/js/tooltips/jquery.darktooltip.js]
[localhost_8888/knbc/templates/aaika/js/carouselowl/owl.carousel.js]
[localhost_8888/knbc/templates/aaika/js/carouselowl/custom.js]
[localhost_8888/knbc/templates/aaika/js/aninum/jquery.animateNumber.min.js]
[localhost_8888/knbc/templates/aaika/js/timeline/modernizr.js]
[localhost_8888/knbc/templates/aaika/js/universal/custom.js]
[localhost_8888/knbc/templates/aaika/js/masterslider/jquery.easing.min.js]
[localhost_8888/knbc/templates/aaika/js/masterslider/masterslider.min.js]
[localhost_8888/knbc/templates/aaika/js/masterslider/jquery.prettyPhoto.js]
[localhost_8888/knbc/templates/aaika/js/classyloader/jquery.classyloader.min.js]
[localhost_8888/knbc/index.html]
[localhost_8888/knbc/templates/aaika/js/custom.js]
[fonts.googleapis.com/cssb042.css]
[fonts.googleapis.com/csse491.css]
[fonts.googleapis.com/css7e91.css]
[fonts.googleapis.com/cssd5d6.css]
[localhost_8888/knbc/index-2.html]
[localhost_8888/knbc/templates/aaika/images/site-img84.jpg]
[localhost_8888/knbc/templates/aaika/images/site-img85.jpg]
[localhost_8888/knbc/index.php/about-us.html]
[localhost_8888/knbc/templates/aaika/images/site-img86.jpg]
[localhost_8888/knbc/components/com_osgallery/assets/libraries/jQuer/jQuerOs-2.2.4.min.js]
[localhost_8888/knbc/components/com_osgallery/assets/libraries/os_fancybox/jquer.os_fancybox.js]
[localhost_8888/knbc/components/com_osgallery/assets/libraries/os_fancybox/helpers/jquer.os_fancyboxGall-thumbs.js]
[localhost_8888/knbc/components/com_osgallery/assets/libraries/os_fancybox/helpers/jquer.mousewheel-3.0.6.pack.js]
[localhost_8888/knbc/components/com_osgallery/assets/js/osGallery.main.js]
[localhost_8888/knbc/images/com_osgallery/gal-2/original/floating-docks12A5A708E9-D594-0A04-A4A0-66F105AFDEDB.jpg]
[localhost_8888/knbc/images/com_osgallery/gal-2/original/floating-docks03FA2786F9-6CD4-C191-1DC7-48C8CE3B33B6.jpg]
[localhost_8888/knbc/images/com_osgallery/gal-2/original/floating-docks01FA504D0A-2568-A2AB-C2D4-B383C79375F1.jpg]
[localhost_8888/knbc/images/com_osgallery/gal-2/original/floating-docks13F970B0BB-A411-F239-1042-F164D26CA355.jpg]
[localhost_8888/knbc/images/com_osgallery/gal-2/original/floating-docks14655134C6-9F7F-FD65-76FD-C4C3F6680048.jpg]
[localhost_8888/knbc/images/com_osgallery/gal-2/original/floating-docks15E9B5561F-3FBB-5F70-6B74-D7852A252DF0.jpg]
[localhost_8888/knbc/images/com_osgallery/gal-2/original/floating-docks1710F26FF4-2E8F-6FBA-CA38-237FD75BD827.jpg]
[localhost_8888/knbc/images/com_osgallery/gal-2/original/floating-docks19E5444F5F-F920-2752-E4FC-F1546D2FF833.jpg]
[localhost_8888/knbc/images/com_osgallery/gal-2/original/floating-docks16F8B09A63-5ADE-63A2-2AC9-B8052C7C3213.jpg]
[localhost_8888/knbc/images/com_osgallery/gal-2/original/floating-docks23160CD77A-3520-104C-2477-EBCDB876232D.jpg]
[localhost_8888/knbc/images/com_osgallery/gal-2/original/floating-docks22CECFF2C8-87B7-FEED-CE83-9D79783C7016.jpg]
[localhost_8888/knbc/images/com_osgallery/gal-2/original/floating-docks21975282AF-8ADD-321E-A621-A3D35338DC03.jpg]
[localhost_8888/knbc/images/com_osgallery/gal-2/original/pole-docks010C182B1D-14B6-AE71-FBF7-27A7410140D3.jpg]
[localhost_8888/knbc/images/com_osgallery/gal-2/original/pole-docks06EE2AA340-2595-CA4D-7EFA-943C4B1B9C1D.jpg]
[localhost_8888/knbc/images/com_osgallery/gal-2/original/pole-docks054C04782C-0A59-EA6D-B855-A1B8B1650A73.jpg]
[localhost_8888/knbc/images/com_osgallery/gal-2/original/pole-docks10646AA8D5-359F-07C6-A0F1-0B4286F0EF99.jpg]
[localhost_8888/knbc/images/com_osgallery/gal-2/original/pole-docks087AB9C0AF-8565-D569-1EFC-F9C6075E3F46.jpg]
[localhost_8888/knbc/images/com_osgallery/gal-2/original/pole-docks11F16A64FF-ED6F-6C5D-B332-DCC09C78C2DA.jpg]
[localhost_8888/knbc/images/com_osgallery/gal-2/original/pole-docks14D0B0732E-6069-040E-E708-0D32FB31ABF6.jpg]
[localhost_8888/knbc/images/com_osgallery/gal-2/original/pole-docks13E3ED9F1C-F232-3AC9-5493-CF98ACEC7423.jpg]
[localhost_8888/knbc/images/com_osgallery/gal-2/original/pole-docks15327D1D8D-BB5D-1D7F-96E2-AA1C4012F525.jpg]
[localhost_8888/knbc/images/com_osgallery/gal-2/original/pole-docks21A460F670-060B-F9D1-B9AC-62C9A67F0893.jpg]
[localhost_8888/knbc/images/com_osgallery/gal-2/original/pole-docks19AC6F57C1-9D30-5EB0-0AF8-800A49679ACD.jpg]
[localhost_8888/knbc/images/com_osgallery/gal-2/original/pole-docks18D6E45A87-5917-AE94-B3C2-563ECAD32B04.jpg]
[localhost_8888/knbc/images/com_osgallery/gal-2/original/pole-docks24A29CE818-F3E2-73AE-B41D-081DB5F76039.jpg]
[localhost_8888/knbc/images/com_osgallery/gal-2/original/pole-docks2331BABDAC-BE59-8435-B4E1-B2849B2B0C4B.jpg]
[localhost_8888/knbc/images/com_osgallery/gal-2/original/pole-docks227426C2A2-7F4A-FD56-1B76-EE2351012A46.jpg]
[localhost_8888/knbc/images/com_osgallery/gal-2/original/pole-docks12090294488-E28D-8E33-70DE-E6CD4EB6D205.jpg]
[localhost_8888/knbc/images/com_osgallery/gal-2/original/pole-docks25B93E1112-6EBE-7554-02D8-D1AD29276BA5.jpg]
[localhost_8888/knbc/images/com_osgallery/gal-2/original/pole-docks26207146CC-B9AD-C61C-93FF-8D9C29E339CA.jpg]
[localhost_8888/knbc/images/com_osgallery/gal-2/original/pole-docks077A6E1FE1-F3D4-8986-69F4-9DEEC1BAD12F.jpg]
[localhost_8888/knbc/images/com_osgallery/gal-2/original/tower-docks02B40FBE95-DA81-717D-B578-2F09D7AA0D89.jpg]
[localhost_8888/knbc/images/com_osgallery/gal-2/original/tower-docks039F5AB83D-5816-44E7-7125-3F757CDCB18E.jpg]
[localhost_8888/knbc/images/com_osgallery/gal-2/original/tower-docks01CC2E81E4-3163-1332-CAE7-3649DE16A38D.jpg]
[localhost_8888/knbc/images/com_osgallery/gal-2/original/tower-docks04DA01B53E-2CE5-D343-721C-F8F1F3929FD6.jpg]
[localhost_8888/knbc/images/com_osgallery/gal-2/original/tower-docks0763818DF5-3985-9630-F503-71C7DE2BCC7F.jpg]
[localhost_8888/knbc/images/com_osgallery/gal-2/original/tower-docks0640A1963D-1809-A267-9499-18C79D816C3F.jpg]
[localhost_8888/knbc/images/com_osgallery/gal-2/original/tower-docks08785BB94F-C3D1-9580-2E22-8B964E73D5B8.jpg]
[localhost_8888/knbc/images/com_osgallery/gal-2/original/tower-docks094B4BCDF5-4E55-A575-B633-749971456F81.jpg]
[localhost_8888/knbc/images/com_osgallery/gal-2/original/tower-docks1064E3FBA8-4D2A-956F-845E-BA16BC260246.jpg]
[localhost_8888/knbc/images/com_osgallery/gal-2/original/lifts0248C7493F-46B5-7437-F939-BFD8952E74C1.jpg]
[localhost_8888/knbc/images/com_osgallery/gal-2/original/lifts03D0EB59B6-A962-E851-50EA-C6E4A564A874.jpg]
[localhost_8888/knbc/images/com_osgallery/gal-2/original/lifts019D14CCCD-46C2-9732-12B7-38619596DE03.jpg]
[localhost_8888/knbc/images/com_osgallery/gal-2/original/lifts04472B7AC4-173E-65EC-1A62-E8AF2508AD37.jpg]
[localhost_8888/knbc/images/com_osgallery/gal-2/original/lifts070DE9F326-9E24-D5B8-D521-734E59ED2672.jpg]
[localhost_8888/knbc/images/com_osgallery/gal-2/original/lifts06C737A69B-8F9F-0129-0DC2-33D650C5FA77.jpg]
[localhost_8888/knbc/images/com_osgallery/gal-2/original/lifts093E12E092-8599-0882-139F-983A5EE5C3C9.jpg]
[localhost_8888/knbc/images/com_osgallery/gal-2/original/lifts087EEAD66A-5181-584A-DB54-8E9E00F8B586.jpg]
[localhost_8888/knbc/images/com_osgallery/gal-2/original/lifts103C889AF6-665D-F176-AC75-B15CD7996FA2.jpg]
[localhost_8888/knbc/images/com_osgallery/gal-2/original/marine-railway03D4FA0C77-A1A8-D34A-3447-8E31CD21FDFD.jpg]
[localhost_8888/knbc/images/com_osgallery/gal-2/original/marine-railway015CCB8B06-2959-8831-8301-0B118BD991B7.jpg]
[localhost_8888/knbc/images/com_osgallery/gal-2/original/marine-railway02069372DA-FD6E-BB26-31EF-80CDDF062283.jpg]
[localhost_8888/knbc/images/com_osgallery/gal-2/original/marine-railway04B1981BAD-2B7A-8820-2DA0-4673600383D4.jpg]
[localhost_8888/knbc/images/com_osgallery/gal-2/original/aluminum-curved-ramp-bridge0A111401-742F-BC5F-E9C6-13ECD4E24905.jpg]
[localhost_8888/knbc/images/com_osgallery/gal-2/original/custom-projects02F33AAB41-E786-EE7B-F419-126CEEDC7D23.jpg]
[localhost_8888/knbc/images/com_osgallery/gal-2/original/aluminum-bench77E77A19-6515-E878-4890-94AE5C512A50.jpg]
[localhost_8888/knbc/images/com_osgallery/gal-2/original/aluminum-bench-2A13FA06B-0709-775F-DC70-20046BB4313D.jpg]
[localhost_8888/knbc/images/com_osgallery/gal-2/original/custom-projects0146E45637-35C7-7DB6-D704-8E27B86FB295.jpg]
[localhost_8888/knbc/index.php/docks.html]
[localhost_8888/knbc/images/com_osgallery/gal-1/original/edwin-lake-houseFAD19A1D-E4E7-EA6C-8AD4-ADA138241C52.jpg]
[localhost_8888/knbc/images/com_osgallery/gal-1/original/edwin-lake-house-interiorF13E5E9D-1387-E9CE-A3D6-535F672DFF9A.jpg]
[localhost_8888/knbc/images/com_osgallery/gal-1/original/edwin-lake-house-back47C65847-795D-4818-D04C-64BABB56BF07.jpg]
[localhost_8888/knbc/images/com_osgallery/gal-1/original/kota-grill-house-interior-2BCE0CAEF-D92D-DB7F-0957-60A965C32367.jpg]
[localhost_8888/knbc/images/com_osgallery/gal-1/original/kota-grill-house-interior376BF9EE-B249-B08B-3BDA-6C680A0E50AF.jpg]
[localhost_8888/knbc/images/com_osgallery/gal-1/original/kota-grill-house9ADDC7C1-1A79-2419-AF62-FAB4CDE43903.jpg]
[localhost_8888/knbc/images/com_osgallery/gal-1/original/ontario-grand-interior-2D82521CB-079F-DF28-34DA-04846840C8E2.jpg]
[localhost_8888/knbc/images/com_osgallery/gal-1/original/ontario-grand-interior1A3C5208-DC35-1A11-6A03-712907DB53F6.jpg]
[localhost_8888/knbc/images/com_osgallery/gal-1/original/ontario-grand3CD25759-1E1D-6366-7219-310B93D41BE5.jpg]
[localhost_8888/knbc/images/com_osgallery/gal-1/original/lakeside-cabana-lounge-side5A53CA99-9F6D-D333-7ED1-678EB12ACB95.jpg]
[localhost_8888/knbc/images/com_osgallery/gal-1/original/lakeside-cabana-loungeB03169D8-EE9B-0F36-3879-9DBC7145E120.jpg]
[localhost_8888/knbc/images/com_osgallery/gal-1/original/lakeside-cabana-lounge-interior71BCAA5B-29BC-69DE-DB5E-E6D4A1F18629.jpg]
[localhost_8888/knbc/images/com_osgallery/gal-1/original/harvest-interiorE45E846E-6F69-A39A-B899-41CCA425BB80.jpg]
[localhost_8888/knbc/images/com_osgallery/gal-1/original/northwood-cabin-interior-2D7BE086A-08C6-AF79-CE0F-13A08B80A74F.jpg]
[localhost_8888/knbc/images/com_osgallery/gal-1/original/harvestEC436A16-78D6-B4CC-3F75-9EF80F0ADD16.jpg]
[localhost_8888/knbc/images/com_osgallery/gal-1/original/northwood-cabin-interior1BEC0F86-4645-BCAF-F3DF-D4E44B26D695.jpg]
[localhost_8888/knbc/images/com_osgallery/gal-1/original/northwood-cabin49B5E880-D1EE-D826-6D3F-D9D0BEA6816B.jpg]
[localhost_8888/knbc/images/com_osgallery/gal-1/original/the-versa-interior05D12397-E77A-9483-EDC5-1ADC512281D4.jpg]
[localhost_8888/knbc/images/com_osgallery/gal-1/original/the-versa-side84D770AF-9240-D469-6E75-66A314B5090A.jpg]
[localhost_8888/knbc/index.php/gazebo-cabana.html]
[localhost_8888/knbc/images/com_osgallery/gal-1/original/the-versa7A859C1D-A5D2-5C48-4F14-352B883C445C.jpg]
[localhost_8888/knbc/images/com_osgallery/gal-3/original/img-4868790C1D51-5094-E365-CA1A-280B5BC2393E.jpg]
[localhost_8888/knbc/images/com_osgallery/gal-3/original/img-4869215C5D09-F00E-C8E4-501F-348869B3A30F.jpg]
[localhost_8888/knbc/images/com_osgallery/gal-3/original/img-48702C5CC199-0810-4D94-D392-423C8994B971.jpg]
[localhost_8888/knbc/images/com_osgallery/gal-3/original/img-487190D00A8F-0410-3A60-E8CE-A7BB69D8495F.jpg]
[localhost_8888/knbc/images/com_osgallery/gal-3/original/img-48729D155830-42AB-81CA-92CD-1A2B01488BBA.jpg]
[localhost_8888/knbc/images/com_osgallery/gal-3/original/img-48733040E022-41D8-99CD-2483-58CF96245714.jpg]
[localhost_8888/knbc/images/com_osgallery/gal-3/original/img-48748ABF98A5-8264-94A0-8780-2461F17AC53C.jpg]
[localhost_8888/knbc/images/com_osgallery/gal-3/original/img-48757A6F007F-028B-15C6-CD59-1F6469AD2C4C.jpg]
[localhost_8888/knbc/images/com_osgallery/gal-3/original/img-487653A798C7-0FD9-D65B-D762-E3555F2EAB56.jpg]
[localhost_8888/knbc/images/com_osgallery/gal-3/original/img-487739AB164D-2E51-EBFF-477F-7C6DA44F8D53.jpg]
[localhost_8888/knbc/images/com_osgallery/gal-3/original/2-20cottager20steel20table20top4F7EF416-60CD-5750-8669-C1E714ABC468.jpg]
[localhost_8888/knbc/images/com_osgallery/gal-3/original/2-20cottager20stainless20spark20screen0BA93A21-91E4-41AD-67F3-2DFA2A2E89EC.jpg]
[localhost_8888/knbc/images/com_osgallery/gal-3/original/2-20polygon20bowl20steel20table20top8C670A23-0572-CED7-1B3B-74BC17CA2D4F.jpg]
[localhost_8888/knbc/images/com_osgallery/gal-3/original/2-octagonal-cottager-small-outdoor-residential-backyard-fire-fitBB4A28A6-350F-F79F-89C1-6CBD817EF1A2.jpg]
[localhost_8888/knbc/images/com_osgallery/gal-3/original/2-polygon-bowl-small-intimate-outdoor-fire-patioB58A76B3-B98B-92F3-0A99-AEA897F5B00C.jpg]
[localhost_8888/knbc/images/com_osgallery/gal-3/original/2pb-spark-screen-1536x10243A5BB444-38AE-F30A-8224-3D3D66CA58B4.jpg]
[localhost_8888/knbc/images/com_osgallery/gal-3/original/3-pyramid-small-fully-contained-outdoor-fireplace02213B2C-89AB-149F-5522-DA8F26759A3D.jpg]
[localhost_8888/knbc/images/com_osgallery/gal-3/original/2pb-tarp-cover-1536x1024FE960D70-EA9C-2F78-D608-45F806F515FF.jpg]
[localhost_8888/knbc/images/com_osgallery/gal-3/original/4-20chiminea20tarp20coverFFDD2A4E-5205-CFB0-C462-5FC74FA7EFE9.jpg]
[localhost_8888/knbc/images/com_osgallery/gal-3/original/18-mc-spark-screenE5D4C2F2-941B-09AD-7CCD-5F956257A802.jpg]
[localhost_8888/knbc/images/com_osgallery/gal-3/original/18-mc-tarp-cover7257CBD3-4072-598E-EBD7-BE04E0746CC8.jpg]
[localhost_8888/knbc/images/com_osgallery/gal-3/original/24-inch-cupola-fire-ring-outdoor-fireplace27DD92FE-4FB2-F4BB-A7B7-C206096EBDF6.jpg]
[localhost_8888/knbc/images/com_osgallery/gal-3/original/320pyrmid20tarp20cover06236BEF-B4CA-3D77-F22B-1CC10EC29627.jpg]
[localhost_8888/knbc/images/com_osgallery/gal-3/original/1822-modern-cube-1024x683-14EFBC038-7B18-3E88-F4F6-FC0F79E7DACA.jpg]
[localhost_8888/knbc/images/com_osgallery/gal-3/original/chimney20cap8D0382BB-F34A-E5AD-80A5-D98DA3134D2B.jpg]
[localhost_8888/knbc/images/com_osgallery/gal-3/original/dscf7839-2-1536x1024CBD01C76-15E0-2E42-E9F4-74BD013A431A.jpg]
[localhost_8888/knbc/images/com_osgallery/gal-3/original/dscf8940-1536x10242C03693E-49DE-599E-2859-6A9F09E80BDA.jpg]
[localhost_8888/knbc/images/com_osgallery/gal-3/original/4-chiminea-outdoor-fireplace-editFB967B07-92C8-AC20-DE06-29219C86CE63.jpg]
[localhost_8888/knbc/images/com_osgallery/gal-3/original/cupola-ring-sprak-screen-1536x1024199A06A3-597E-DA66-78D9-A75EF6AD9128.png]
[localhost_8888/knbc/images/com_osgallery/gal-3/original/dscf9289-1536x1024771CD6A7-4248-86BC-A021-512F9D477934.jpg]
[localhost_8888/knbc/images/com_osgallery/gal-3/original/small20fire20grate20in2024-20cupolaFE38AC7B-2912-EC93-0C3B-74F6085B0851.jpg]
[localhost_8888/knbc/images/com_osgallery/gal-3/original/img-5160-1536x1024CC9363CE-E5ED-D0D7-0DE1-4F070F5C5109.jpg]
[localhost_8888/knbc/images/com_osgallery/gal-3/original/stainless20grill20on20cube13068B28-00D1-E8BB-757B-0C8E5223246C.jpg]
[localhost_8888/knbc/images/com_osgallery/gal-3/original/table-top-modern-cube67FC9D60-61BA-70C5-0C69-8952C84E9B5A.jpg]
[localhost_8888/knbc/images/com_osgallery/gal-3/original/frame-4511E314DF-4C92-D30A-80C6-736D07413540.png]
[localhost_8888/knbc/index.php/furniture-and-fire-pits.html]
[localhost_8888/knbc/images/com_osgallery/gal-4/original/sawmill-gallery-02jpegA516226D-888D-9BB9-8340-6AA12080AA5F.jpg]
[localhost_8888/knbc/images/com_osgallery/gal-4/original/lumber33F6C43A-7D7B-A590-B153-90E010B7565F.jpg]
[localhost_8888/knbc/images/com_osgallery/gal-4/original/sawmill-gallery-06jpegFF3C7A53-3707-AF43-9C4B-A64C3E8A1BC7.jpg]
[localhost_8888/knbc/images/com_osgallery/gal-4/original/sawmill-gallery-08jpeg74C227C1-560F-AF3C-2690-C663115621A0.jpg]
[localhost_8888/knbc/images/com_osgallery/gal-4/original/sawmill-gallery-11jpeg4D3F3DBA-376D-1BE6-12AE-D53C892F8562.jpg]
[localhost_8888/knbc/images/com_osgallery/gal-4/original/sawmillstructure-gallery-004jpgFEB4EF22-08C4-0631-66AD-461B2B5902E4.jpg]
[localhost_8888/knbc/images/com_osgallery/gal-4/original/sawmill-gallery-09jpegB83A326C-A02A-EDB6-9152-17B85E98E0D2.jpg]
[localhost_8888/knbc/images/com_osgallery/gal-4/original/sawmillstructure-gallery-006jpgAF3BC5BF-49AB-786B-37CC-47F779B91EB4.jpg]
[localhost_8888/knbc/images/com_osgallery/gal-4/original/sawmillstructure-gallery-011jpgBCF094B3-7C54-A2C5-0BCC-80E812DD6305.jpg]
[localhost_8888/knbc/images/com_osgallery/gal-4/original/sawmill-gallery-13-scaledjpeg8B7AF31A-0440-75EE-37DE-DE97E2C0085C.jpg]
[localhost_8888/knbc/index.php/construction.html]
[localhost_8888/knbc/media/system/js/core7afc.js]
[localhost_8888/knbc/media/system/js/keepalive7afc.js]
[localhost_8888/knbc/media/system/js/punycode7afc.js]
[localhost_8888/knbc/media/system/js/validate7afc.js]
[localhost_8888/knbc/index.php/contact.html]
[localhost_8888/knbc/plugins/system/jce/css/contentd666.css]
[localhost_8888/knbc/media/com_uniterevolution2/assets/rs-plugin/font/revicons90c6.eot]
[localhost_8888/knbc/media/com_uniterevolution2/assets/rs-plugin/font/revicons90c6.woff]
[localhost_8888/knbc/media/com_uniterevolution2/assets/rs-plugin/font/revicons90c6.ttf]
[localhost_8888/knbc/media/com_uniterevolution2/assets/rs-plugin/assets/gridtile.png]
[localhost_8888/knbc/media/com_uniterevolution2/assets/rs-plugin/assets/gridtile_white.png]
[localhost_8888/knbc/media/com_uniterevolution2/assets/rs-plugin/assets/gridtile_3x3.png]
[localhost_8888/knbc/media/com_uniterevolution2/assets/rs-plugin/assets/gridtile_3x3_white.png]
[localhost_8888/knbc/media/com_uniterevolution2/assets/rs-plugin/images/gradient/g30.png]
[localhost_8888/knbc/media/com_uniterevolution2/assets/rs-plugin/images/gradient/g40.png]
[localhost_8888/knbc/media/com_uniterevolution2/assets/rs-plugin/assets/boxed_bgtile.png]
[localhost_8888/knbc/media/com_uniterevolution2/assets/rs-plugin/assets/navigdots_bgtile.png]
[localhost_8888/knbc/media/com_uniterevolution2/assets/rs-plugin/assets/bullet.png]
[localhost_8888/knbc/media/com_uniterevolution2/assets/rs-plugin/assets/bullets.png]
[localhost_8888/knbc/media/com_uniterevolution2/assets/rs-plugin/assets/bullets2.png]
[localhost_8888/knbc/media/com_uniterevolution2/assets/rs-plugin/assets/bullet_boxed.png]
[localhost_8888/knbc/media/com_uniterevolution2/assets/rs-plugin/assets/navigdots.png]
[localhost_8888/knbc/media/com_uniterevolution2/assets/rs-plugin/assets/large_left.png]
[localhost_8888/knbc/media/com_uniterevolution2/assets/rs-plugin/assets/large_right.png]
[localhost_8888/knbc/media/com_uniterevolution2/assets/rs-plugin/assets/small_left.png]
[localhost_8888/knbc/media/com_uniterevolution2/assets/rs-plugin/assets/small_right.png]
[localhost_8888/knbc/media/com_uniterevolution2/assets/rs-plugin/assets/arrow_left.png]
[localhost_8888/knbc/media/com_uniterevolution2/assets/rs-plugin/assets/arrow_right.png]
[localhost_8888/knbc/media/com_uniterevolution2/assets/rs-plugin/assets/small_left_boxed.png]
[localhost_8888/knbc/media/com_uniterevolution2/assets/rs-plugin/assets/small_right_boxed.png]
[localhost_8888/knbc/media/com_uniterevolution2/assets/rs-plugin/assets/arrowleft.png]
[localhost_8888/knbc/media/com_uniterevolution2/assets/rs-plugin/assets/arrowright.png]
[localhost_8888/knbc/media/com_uniterevolution2/assets/rs-plugin/assets/arrow_left2.png]
[localhost_8888/knbc/media/com_uniterevolution2/assets/rs-plugin/assets/arrow_right2.png]
[localhost_8888/knbc/media/com_uniterevolution2/assets/rs-plugin/assets/coloredbg.png]
[localhost_8888/knbc/media/com_uniterevolution2/assets/rs-plugin/css/settings.css]
[localhost_8888/knbc/media/com_uniterevolution2/assets/rs-plugin/css/dynamic-captions.css]
[localhost_8888/knbc/media/com_uniterevolution2/assets/rs-plugin/css/static-captions.css]
[localhost_8888/knbc/modules/mod_icemegamenu/themes/clean/css/clean_icemegamenu.css]
[localhost_8888/knbc/modules/mod_icemegamenu/themes/clean/images/mobile_menu_btn.png]
[localhost_8888/knbc/modules/mod_icemegamenu/themes/clean/css/clean_icemegamenu-reponsive.css]
[localhost_8888/knbc/templates/aaika/css/reset.css]
[localhost_8888/knbc/templates/aaika/images/logo.png]
[localhost_8888/knbc/templates/aaika/images/logo-2.png]
[localhost_8888/knbc/templates/aaika/images/menu-shadow.png]
[localhost_8888/knbc/templates/aaika/images/fullsite-img1.jpg]
[localhost_8888/knbc/templates/aaika/images/tex-bg1.png]
[localhost_8888/knbc/templates/aaika/images/h-arrow-line1.png]
[localhost_8888/knbc/templates/aaika/images/site-img18.jpg]
[localhost_8888/knbc/templates/aaika/images/site-img91.jpg]
[localhost_8888/knbc/templates/aaika/images/site-img57.jpg]
[localhost_8888/knbc/templates/aaika/images/site-img19.png]
[localhost_8888/knbc/templates/aaika/images/fullsite-img4.jpg]
[localhost_8888/knbc/templates/aaika/images/fullsite-img8.jpg]
[localhost_8888/knbc/templates/aaika/images/site-img58.png]
[localhost_8888/knbc/templates/aaika/images/fullsite-img9.png]
[localhost_8888/knbc/templates/aaika/images/site-img65.jpg]
[localhost_8888/knbc/templates/aaika/images/site-img66.jpg]
[localhost_8888/knbc/templates/aaika/images/site-img67.jpg]
[localhost_8888/knbc/templates/aaika/images/site-img68.jpg]
[localhost_8888/knbc/templates/aaika/images/fullsite-img12.jpg]
[localhost_8888/knbc/templates/aaika/images/site-img75.png]
[localhost_8888/knbc/templates/aaika/images/pattern1.png]
[localhost_8888/knbc/templates/aaika/images/pattern2.png]
[localhost_8888/knbc/templates/aaika/images/site-img93.png]
[localhost_8888/knbc/templates/aaika/images/fullsite-img2.jpg]
[localhost_8888/knbc/templates/aaika/images/fullsite-img3.jpg]
[localhost_8888/knbc/templates/aaika/images/fullsite-img6.jpg]
[localhost_8888/knbc/templates/aaika/images/fullsite-img7.135.delayed]
[localhost_8888/knbc/templates/aaika/images/fullsite-img10.jpg]
[localhost_8888/knbc/templates/aaika/images/fullsite-img11.jpg]
[localhost_8888/knbc/templates/aaika/images/fullsite-img18.jpg]
[localhost_8888/knbc/templates/aaika/images/footer-graph2.png]
[localhost_8888/knbc/templates/aaika/images/footer-graph.png]
[localhost_8888/knbc/templates/aaika/images/footer-graph4.png]
[localhost_8888/knbc/templates/aaika/images/site-img40.png]
[localhost_8888/knbc/templates/aaika/images/divider-twolines.png]
[localhost_8888/knbc/templates/aaika/images/site-img36.png]
[localhost_8888/knbc/templates/aaika/images/footer-graph3.png]
[localhost_8888/knbc/templates/aaika/images/footer-graph5.png]
[localhost_8888/knbc/templates/aaika/images/search-icon.png]
[localhost_8888/knbc/templates/aaika/images/fullsite-img14.jpg]
[localhost_8888/knbc/templates/aaika/images/white-line.png]
[localhost_8888/knbc/templates/aaika/images/fullsite-img20.jpg]
[localhost_8888/knbc/templates/aaika/images/fullsite-img15.jpg]
[localhost_8888/knbc/templates/aaika/images/fullsite-img13.jpg]
[localhost_8888/knbc/templates/aaika/images/fullsite-img19.jpg]
[localhost_8888/knbc/templates/aaika/images/fullsite-img16.jpg]
[localhost_8888/knbc/templates/aaika/images/fullsite-img17.jpg]
[localhost_8888/knbc/templates/aaika/images/scroll-top-arrow.png]
[localhost_8888/knbc/templates/aaika/images/sliders/master/slider-bg16.jpg]
[localhost_8888/knbc/templates/aaika/images/sliders/master/slider-bg20.jpg]
[localhost_8888/knbc/templates/aaika/images/sliders/master/slider-bg21.jpg]
[localhost_8888/knbc/templates/aaika/images/menu-shadow2.png]
[localhost_8888/knbc/templates/aaika/images/breadcrumb.jpg]
[localhost_8888/knbc/templates/aaika/css/style.css]
[localhost_8888/knbc/templates/aaika/css/font-awesome/fonts/fontawesome-webfont78ce.eot]
[localhost_8888/knbc/templates/aaika/css/font-awesome/fonts/fontawesome-webfontd41d.eot]
[localhost_8888/knbc/templates/aaika/css/font-awesome/fonts/fontawesome-webfont78ce.woff]
[localhost_8888/knbc/templates/aaika/css/font-awesome/fonts/fontawesome-webfont78ce.ttf]
[localhost_8888/knbc/templates/aaika/css/font-awesome/css/font-awesome.min.css]
[localhost_8888/knbc/templates/aaika/css/simpleline-icons/fonts/Simple-Line-Icons.eot]
[localhost_8888/knbc/templates/aaika/css/simpleline-icons/fonts/Simple-Line-Icons.158.delayed]
[localhost_8888/knbc/templates/aaika/css/simpleline-icons/fonts/Simple-Line-Icons.ttf]
[localhost_8888/knbc/templates/aaika/css/simpleline-icons/simple-line-icons.css]
[localhost_8888/knbc/templates/aaika/js/animations/css/animations.min.css]
[localhost_8888/knbc/templates/aaika/css/responsive-leyouts.css]
[localhost_8888/knbc/templates/aaika/images/h-arrow-line2.png]
[localhost_8888/knbc/templates/aaika/images/h-arrow-line3.png]
[localhost_8888/knbc/templates/aaika/images/hcross-lines.jpg]
[localhost_8888/knbc/templates/aaika/images/h-line.jpg]
[localhost_8888/knbc/templates/aaika/images/h-line2.png]
[localhost_8888/knbc/templates/aaika/images/h-line3.png]
[localhost_8888/knbc/templates/aaika/images/h-line8.png]
[localhost_8888/knbc/templates/aaika/images/h-line9.png]
[localhost_8888/knbc/templates/aaika/images/divider-line1.png]
[localhost_8888/knbc/templates/aaika/images/shadow1.png]
[localhost_8888/knbc/templates/aaika/images/shadow2.png]
[localhost_8888/knbc/templates/aaika/images/h-line5.png]
[localhost_8888/knbc/templates/aaika/images/h-line6.png]
[localhost_8888/knbc/templates/aaika/images/h-line7.png]
[localhost_8888/knbc/templates/aaika/css/shortcodes.css]
[localhost_8888/knbc/templates/aaika/js/slidepanel/slidepanel.css]
[localhost_8888/knbc/templates/aaika/js/accordion/down.png]
[localhost_8888/knbc/templates/aaika/js/accordion/plus.png]
[localhost_8888/knbc/templates/aaika/js/accordion/minus.png]
[localhost_8888/knbc/templates/aaika/js/accordion/plus-dark.png]
[localhost_8888/knbc/templates/aaika/js/accordion/minus-dark.png]
[localhost_8888/knbc/templates/aaika/js/accordion/plus-color.png]
[localhost_8888/knbc/templates/aaika/js/accordion/minus-color.png]
[localhost_8888/knbc/templates/aaika/js/accordion/plus-gray.png]
[localhost_8888/knbc/templates/aaika/js/accordion/minus-gray.png]
[localhost_8888/knbc/templates/aaika/js/accordion/style.css]
[localhost_8888/knbc/templates/aaika/images/tooltop-graph.png]
[localhost_8888/knbc/templates/aaika/js/progressbar/ui.progress-bar.css]
[localhost_8888/knbc/templates/aaika/js/masterslider/style/loading-2.gif]
[localhost_8888/knbc/templates/aaika/js/masterslider/style/grab.png]
[localhost_8888/knbc/templates/aaika/js/masterslider/style/grabbing.png]
[localhost_8888/knbc/templates/aaika/js/masterslider/style/video-close-btn.png]
[localhost_8888/knbc/templates/aaika/js/masterslider/style/masterslider.css]
[localhost_8888/knbc/templates/aaika/images/sliders/master/graph1.png]
[localhost_8888/knbc/templates/aaika/images/sliders/master/graph2.png]
[localhost_8888/knbc/templates/aaika/images/sliders/master/graph3.png]
[localhost_8888/knbc/templates/aaika/images/sliders/master/graph4.png]
[localhost_8888/knbc/templates/aaika/js/masterslider/skins/default/light-skin-1.png]
[localhost_8888/knbc/templates/aaika/js/masterslider/skins/default/style.css]
[localhost_8888/knbc/templates/aaika/js/masterslider/skins/default/light-skin-1-retina.png]
[localhost_8888/knbc/templates/aaika/js/masterslider/lightbox-btn.png]
[localhost_8888/knbc/templates/aaika/js/masterslider/ms-lightbox.css]
[localhost_8888/knbc/templates/aaika/images/fullsite-img7.jpg]
[localhost_8888/knbc/templates/aaika/css/simpleline-icons/fonts/Simple-Line-Iconsd41d.eot]
[localhost_8888/knbc/templates/aaika/css/simpleline-icons/fonts/Simple-Line-Icons.woff]
[localhost_8888/knbc/templates/aaika/js/masterslider/prettyPhoto.css]
[localhost_8888/knbc/templates/aaika/js/iconhoverefs/component.css]
[localhost_8888/knbc/templates/aaika/js/basicslider/prev.png]
[localhost_8888/knbc/templates/aaika/js/basicslider/next.png]
[localhost_8888/knbc/templates/aaika/js/basicslider/bacslider.css]
[localhost_8888/knbc/templates/aaika/js/cubeportfolio/cbp-loading.gif]
[localhost_8888/knbc/templates/aaika/js/cubeportfolio/cbp-sprite.png]
[localhost_8888/knbc/templates/aaika/js/cubeportfolio/cbp-loading-popup.gif]
[localhost_8888/knbc/templates/aaika/js/cubeportfolio/cubeportfolio.min.css]
[localhost_8888/knbc/templates/aaika/js/flexslider/pre-arrow.png]
[localhost_8888/knbc/templates/aaika/js/flexslider/next-arrow.png]
[localhost_8888/knbc/templates/aaika/js/flexslider/flexslider.css]
[localhost_8888/knbc/templates/aaika/js/flexslider/next-horizontal-two.png]
[localhost_8888/knbc/templates/aaika/js/flexslider/prev-horizontal-two.png]
[localhost_8888/knbc/templates/aaika/js/flexslider/skin.css]
[localhost_8888/knbc/templates/aaika/images/site-img54.jpg]
[localhost_8888/knbc/templates/aaika/images/site-img55.jpg]
[localhost_8888/knbc/templates/aaika/images/site-img56.jpg]
[localhost_8888/knbc/templates/aaika/js/tabs/assets/css/responsive-tabs.css]
[localhost_8888/knbc/templates/aaika/js/tabs/assets/css/responsive-tabs2.css]
[localhost_8888/knbc/templates/aaika/js/tabs/assets/css/responsive-tabs3.css]
[localhost_8888/knbc/templates/aaika/js/tooltips/darktooltip.css]
[localhost_8888/knbc/templates/aaika/js/carouselowl/owl.transitions.css]
[localhost_8888/knbc/templates/aaika/js/carouselowl/AjaxLoader.gif]
[localhost_8888/knbc/templates/aaika/js/carouselowl/grabbing.png]
[localhost_8888/knbc/templates/aaika/js/carouselowl/owl.carousel.css]
[localhost_8888/knbc/templates/aaika/js/timeline/timeline.css]
[localhost_8888/knbc/templates/aaika/js/ihovereffects/main.css]
[localhost_8888/knbc/templates/aaika/js/form/sky-forms2.css]
[localhost_8888/knbc/templates/aaika/js/form/sky-forms.css]
[localhost_8888/knbc/templates/aaika/css/condition.css]
[localhost_8888/knbc/templates/aaika/js/mainmenu/bootstrap.min.css]
[localhost_8888/knbc/templates/aaika/js/mainmenu/menu-3.css]
[localhost_8888/knbc/templates/aaika/js/tabs/tabwidget/tabwidget.css]
[localhost_8888/knbc/templates/aaika/css/custom.css]
[localhost_8888/knbc/index.php/about-us.html]
[localhost_8888/knbc/components/com_osgallery/assets/images/shareLink.png]
[localhost_8888/knbc/components/com_osgallery/assets/images/downloadButton.png]
[localhost_8888/knbc/components/com_osgallery/assets/images/preloader.gif]
[localhost_8888/knbc/components/com_osgallery/assets/css/os-gallery.css]
[localhost_8888/knbc/components/com_osgallery/assets/libraries/os_fancybox/jquer.os_fancybox.css]
[localhost_8888/knbc/components/com_osgallery/assets/libraries/os_fancybox/helpers/jquer.os_fancybox-thumbs.css]
[localhost_8888/knbc/images/com_osgallery/gal-3/original/4-chiminea-outdoor-fireplace-editFB967B07-92C8-AC20-DE06-29219C86CE63.jpg]
[localhost_8888/knbc/images/com_osgallery/gal-1/original/ontario-grand-interior1A3C5208-DC35-1A11-6A03-712907DB53F6.jpg]
[localhost_8888/knbc/images/com_osgallery/gal-3/original/cupola-ring-sprak-screen-1536x1024199A06A3-597E-DA66-78D9-A75EF6AD9128.png]
[localhost_8888/knbc/images/com_osgallery/gal-4/original/sawmill-gallery-09jpegB83A326C-A02A-EDB6-9152-17B85E98E0D2.jpg]
[localhost_8888/knbc/images/com_osgallery/gal-4/original/sawmillstructure-gallery-011jpgBCF094B3-7C54-A2C5-0BCC-80E812DD6305.jpg]
[localhost_8888/knbc/images/com_osgallery/gal-4/original/sawmill-gallery-13-scaledjpeg8B7AF31A-0440-75EE-37DE-DE97E2C0085C.jpg]
[localhost_8888/knbc/media/com_uniterevolution2/assets/rs-plugin/font/revicons90c6.svg]
[localhost_8888/knbc/media/com_uniterevolution2/assets/rs-plugin/assets/loader.gif]
[localhost_8888/knbc/templates/aaika/images/skin01/but_post_readmore.html]
[localhost_8888/knbc/templates/aaika/images/skin01/but_post_readmore_hover.html]
[localhost_8888/knbc/templates/aaika/css/font-awesome/fonts/fontawesome-webfont78ce.svg]
[localhost_8888/knbc/templates/aaika/css/simpleline-icons/fonts/Simple-Line-Icons.svg]
[localhost_8888/knbc/templates/aaika/images/elements/icon-remove.html]
[localhost_8888/knbc/templates/aaika/js/masterslider/masterslider/style/grab.html]
[localhost_8888/knbc/templates/aaika/js/masterslider/masterslider/style/grabbing.html]
[www.masterslider.com/wp-content/uploads/home-title-arrow.html]
[localhost_8888/knbc/templates/aaika/js/images/prettyPhoto/default/sprite.html]
[localhost_8888/knbc/templates/aaika/js/images/prettyPhoto/default/sprite_x.html]
[localhost_8888/knbc/templates/aaika/js/images/prettyPhoto/default/sprite_y.html]
[localhost_8888/knbc/templates/aaika/js/images/prettyPhoto/default/sprite_next.html]
[localhost_8888/knbc/templates/aaika/js/images/prettyPhoto/default/sprite_prev.html]
[localhost_8888/knbc/templates/aaika/js/images/prettyPhoto/default/default_thumb.html]
[localhost_8888/knbc/templates/aaika/js/images/prettyPhoto/default/loader.html]
[localhost_8888/knbc/templates/aaika/js/images/prettyPhoto/light_rounded/sprite.html]
[localhost_8888/knbc/templates/aaika/js/images/prettyPhoto/light_rounded/btnNext.html]
[localhost_8888/knbc/templates/aaika/js/images/prettyPhoto/light_rounded/btnPrevious.html]
[localhost_8888/knbc/templates/aaika/js/images/prettyPhoto/light_rounded/loader.html]
[localhost_8888/knbc/templates/aaika/js/images/prettyPhoto/dark_rounded/sprite.html]
[localhost_8888/knbc/templates/aaika/js/images/prettyPhoto/dark_rounded/contentPattern.html]
[localhost_8888/knbc/templates/aaika/js/images/prettyPhoto/dark_rounded/btnNext.html]
[localhost_8888/knbc/templates/aaika/js/images/prettyPhoto/dark_rounded/btnPrevious.html]
[localhost_8888/knbc/templates/aaika/js/images/prettyPhoto/dark_rounded/loader.html]
[localhost_8888/knbc/templates/aaika/js/images/prettyPhoto/dark_square/loader.html]
[localhost_8888/knbc/templates/aaika/js/images/prettyPhoto/dark_square/sprite.html]
[localhost_8888/knbc/templates/aaika/js/images/prettyPhoto/dark_square/btnNext.html]
[localhost_8888/knbc/templates/aaika/js/images/prettyPhoto/dark_square/btnPrevious.html]
[localhost_8888/knbc/templates/aaika/js/images/prettyPhoto/light_square/sprite.html]
[localhost_8888/knbc/templates/aaika/js/images/prettyPhoto/light_square/btnNext.html]
[localhost_8888/knbc/templates/aaika/js/images/prettyPhoto/light_square/btnPrevious.html]
[localhost_8888/knbc/templates/aaika/js/images/prettyPhoto/facebook/sprite.html]
[localhost_8888/knbc/templates/aaika/js/images/prettyPhoto/facebook/contentPatternTop.html]
[localhost_8888/knbc/templates/aaika/js/images/prettyPhoto/facebook/contentPatternLeft.html]
[localhost_8888/knbc/templates/aaika/js/images/prettyPhoto/facebook/contentPatternRight.html]
[localhost_8888/knbc/templates/aaika/js/images/prettyPhoto/facebook/loader.html]
[localhost_8888/knbc/templates/aaika/js/images/prettyPhoto/facebook/btnNext.html]
[localhost_8888/knbc/templates/aaika/js/images/prettyPhoto/facebook/btnPrevious.html]
[localhost_8888/knbc/templates/aaika/js/images/prettyPhoto/facebook/contentPatternBottom.html]
[localhost_8888/knbc/templates/aaika/js/images/prettyPhoto/facebook/default_thumbnail.html]
[localhost_8888/knbc/templates/aaika/js/flexslider/prev-horizontal.html]
[localhost_8888/knbc/templates/aaika/js/flexslider/next-horizontal.html]
[localhost_8888/knbc/templates/aaika/js/img/modal-bg.html]
[localhost_8888/knbc/components/com_osgallery/assets/images/zoom.svg]
